// Jest Snapshot v1, https://goo.gl/fbAQLP

exports[`Pruebas de </FirstApp> Debe hacer match con el snapchot 1`] = `
<div>
  <h1
    data-testid="test-title"
  >
    Hola, soy Goku
  </h1>
  <p>
    No hay subt√≠tulo
  </p>
  <p>
    Belly
  </p>
</div>
`;
